2026-03-18 10:19:20.875 | INFO     | __main__:clean_iedb_epitopes:129 - Cleaning IEDB file: epitope_table_positive_clean.csv
2026-03-18 10:19:21.357 | INFO     | __main__:clean_iedb_epitopes:133 -   Loaded 56025 rows
2026-03-18 10:19:21.360 | ERROR    | __main__:clean_iedb_epitopes:154 -   Could not find sequence column! Available: ['epitope_id_iedb_iri', 'peptide_seq', 'epitope_name', 'epitope_modified_residue_s_', 'epitope_modifications', 'epitope_starting_position', 'epitope_ending_position', 'epitope_iri', 'epitope_synonyms', 'epitope_source_molecule']
2026-03-18 10:19:21.360 | ERROR    | __main__:clean_iedb_epitopes:155 -   Please check your CSV file headers manually.
2026-03-18 10:20:01.158 | INFO     | __main__:clean_iedb_epitopes:129 - Cleaning IEDB file: epitope_table_positive_clean.csv
2026-03-18 10:20:01.570 | INFO     | __main__:clean_iedb_epitopes:133 -   Loaded 56025 rows
2026-03-18 10:20:01.573 | INFO     | __main__:clean_iedb_epitopes:158 -   Using column 'peptide_seq' as epitope sequence
2026-03-18 10:20:01.759 | INFO     | __main__:clean_iedb_epitopes:173 -   Removed 468 invalid/out-of-range sequences
2026-03-18 10:20:01.775 | INFO     | __main__:clean_iedb_epitopes:179 -   Removed 55556 duplicate sequences
2026-03-18 10:20:01.797 | INFO     | __main__:clean_iedb_epitopes:129 - Cleaning IEDB file: epitope_table_negative_clean.csv
2026-03-18 10:20:01.987 | INFO     | __main__:clean_iedb_epitopes:133 -   Loaded 21650 rows
2026-03-18 10:20:01.988 | INFO     | __main__:clean_iedb_epitopes:158 -   Using column 'peptide_seq' as epitope sequence
2026-03-18 10:20:02.048 | INFO     | __main__:clean_iedb_epitopes:173 -   Removed 8 invalid/out-of-range sequences
2026-03-18 10:20:02.054 | INFO     | __main__:clean_iedb_epitopes:179 -   Removed 21641 duplicate sequences
2026-03-18 10:20:02.064 | INFO     | __main__:clean_vjdb:235 - Cleaning VDJdb file: vjdb.tsv
2026-03-18 10:20:03.637 | INFO     | __main__:clean_vjdb:239 -   Loaded 209654 rows
2026-03-18 10:20:03.638 | INFO     | __main__:clean_vjdb:250 -   Columns: ['complex_id', 'gene', 'cdr3', 'v', 'j', 'species', 'mhc_a', 'mhc_b', 'mhc_class', 'epitope', 'epitope_gene', 'epitope_species', 'reference', 'method', 'meta', 'cdr3fix', 'score']
2026-03-18 10:20:03.741 | INFO     | __main__:clean_vjdb:258 -   Human filter: 209654 → 0 rows
2026-03-18 10:20:03.742 | WARNING  | __main__:clean_vjdb:273 -   No antigen species column found — skipping TB filter
2026-03-18 10:20:03.742 | WARNING  | __main__:clean_vjdb:274 -   You may need to filter manually by epitope sequence
2026-03-18 10:20:03.744 | INFO     | __main__:clean_vjdb:282 -   Confidence filter (score≥1): 0 → 0 rows
2026-03-18 10:20:03.745 | INFO     | __main__:clean_vjdb:296 -   CDR3 validation: 0 → 0 rows
2026-03-18 10:20:03.746 | INFO     | __main__:clean_vjdb:302 -   Removed 0 duplicate (CDR3, epitope) pairs
2026-03-18 10:20:03.752 | INFO     | __main__:clean_hla_fasta:341 - Cleaning HLA FASTA: hla_prot.fasta
2026-03-18 10:20:04.004 | INFO     | __main__:clean_hla_fasta:345 -   Loaded 44630 sequences
2026-03-18 10:20:05.007 | INFO     | __main__:clean_tb_proteome:428 - Cleaning TB proteome FASTA: tb1584.fasta
2026-03-18 10:20:05.275 | INFO     | __main__:clean_tb_proteome:432 -   Loaded 23377 protein sequences
2026-03-18 10:24:51.466 | INFO     | __main__:clean_iedb_epitopes:104 - Cleaning IEDB file: epitope_table_positive_clean.csv
2026-03-18 10:24:51.849 | INFO     | __main__:clean_iedb_epitopes:108 -   Loaded 56025 rows (56025 assay records)
2026-03-18 10:24:51.852 | INFO     | __main__:clean_iedb_epitopes:130 -   Using column 'peptide_seq' as epitope sequence
2026-03-18 10:24:52.028 | INFO     | __main__:clean_iedb_epitopes:145 -   Invalid/out-of-range removed: 468
2026-03-18 10:24:52.049 | INFO     | __main__:clean_iedb_epitopes:149 -   Unique epitope sequences found: 1
2026-03-18 10:24:52.049 | INFO     | __main__:clean_iedb_epitopes:150 -   Avg assay repetitions per epitope: 55557.0x
2026-03-18 10:24:52.073 | INFO     | __main__:clean_iedb_epitopes:155 -   Collapsed 55557 assay rows -> 1 unique epitope sequences
2026-03-18 10:24:52.096 | INFO     | __main__:clean_iedb_epitopes:104 - Cleaning IEDB file: epitope_table_negative_clean.csv
2026-03-18 10:24:52.236 | INFO     | __main__:clean_iedb_epitopes:108 -   Loaded 21650 rows (21650 assay records)
2026-03-18 10:24:52.237 | INFO     | __main__:clean_iedb_epitopes:130 -   Using column 'peptide_seq' as epitope sequence
2026-03-18 10:24:52.311 | INFO     | __main__:clean_iedb_epitopes:145 -   Invalid/out-of-range removed: 8
2026-03-18 10:24:52.312 | INFO     | __main__:clean_iedb_epitopes:149 -   Unique epitope sequences found: 1
2026-03-18 10:24:52.314 | INFO     | __main__:clean_iedb_epitopes:150 -   Avg assay repetitions per epitope: 21642.0x
2026-03-18 10:24:52.322 | INFO     | __main__:clean_iedb_epitopes:155 -   Collapsed 21642 assay rows -> 1 unique epitope sequences
2026-03-18 10:24:52.339 | INFO     | __main__:clean_vjdb:208 - Cleaning VDJdb file: vjdb.tsv
2026-03-18 10:24:53.957 | INFO     | __main__:clean_vjdb:212 -   Loaded 209654 rows
2026-03-18 10:24:53.959 | INFO     | __main__:clean_vjdb:223 -   Columns detected: ['complex_id', 'gene', 'cdr3', 'v', 'j', 'species', 'mhc_a', 'mhc_b', 'mhc_class', 'epitope', 'epitope_gene', 'epitope_species', 'reference', 'method', 'meta', 'cdr3fix', 'score']
2026-03-18 10:24:54.197 | INFO     | __main__:clean_vjdb:233 -   Human filter: 209654 -> 192591 rows
2026-03-18 10:24:54.387 | INFO     | __main__:clean_vjdb:259 -   TB filter (epitope_species): 192591 -> 900 rows
2026-03-18 10:24:54.389 | INFO     | __main__:clean_vjdb:274 -   Score >= 1 filter: 900 -> 62 rows
2026-03-18 10:24:54.390 | INFO     | __main__:clean_vjdb:287 -   CDR3 validation: 62 -> 62 rows
2026-03-18 10:24:54.394 | INFO     | __main__:clean_vjdb:293 -   Duplicate (CDR3, epitope) pairs removed: 1
2026-03-18 10:24:54.406 | INFO     | __main__:clean_hla_fasta:322 - Cleaning HLA FASTA: hla_prot.fasta
2026-03-18 10:24:54.629 | INFO     | __main__:clean_hla_fasta:326 -   Loaded 44630 sequences
2026-03-18 10:24:54.629 | INFO     | __main__:clean_hla_fasta:330 -   Sample [0]: id='HLA:HLA00001' desc='HLA:HLA00001 A*01:01:01:01 365 bp'
2026-03-18 10:24:54.629 | INFO     | __main__:clean_hla_fasta:330 -   Sample [1]: id='HLA:HLA02169' desc='HLA:HLA02169 A*01:01:01:02N 200 bp'
2026-03-18 10:24:54.630 | INFO     | __main__:clean_hla_fasta:330 -   Sample [2]: id='HLA:HLA14798' desc='HLA:HLA14798 A*01:01:01:03 365 bp'
2026-03-18 10:24:55.641 | INFO     | __main__:clean_tb_proteome:405 - Cleaning TB proteome FASTA: tb1584.fasta
2026-03-18 10:24:55.861 | INFO     | __main__:clean_tb_proteome:409 -   Loaded 23377 protein sequences
2026-03-18 10:24:55.862 | INFO     | __main__:clean_tb_proteome:412 -   Sample header: 'tr|A0A679LBA0|A0A679LBA0_MYCBO PROBABLE DOLICHYL-PHOSPHATE SUGAR SYNTHASE (DOLICHOL-PHOSPHATE SUGAR '
2026-03-18 10:30:40.842 | INFO     | __main__:clean_iedb_epitopes:157 - Cleaning IEDB: epitope_table_positive_clean.csv
2026-03-18 10:30:41.227 | INFO     | __main__:clean_iedb_epitopes:160 -   Loaded 56025 rows (all organisms, one row per assay)
2026-03-18 10:30:41.232 | INFO     | __main__:find_peptide_column:125 -   Sequence column: 'epitope_name' (28/30 sample values look like peptides)
2026-03-18 10:30:41.271 | INFO     | __main__:clean_iedb_epitopes:182 -   TB filter ('epitope_source_organism'): 56025 -> 2288 rows
2026-03-18 10:30:41.280 | INFO     | __main__:clean_iedb_epitopes:200 -   Removed 39 invalid/out-of-range sequences
2026-03-18 10:30:41.280 | INFO     | __main__:clean_iedb_epitopes:205 -   2249 unique TB epitopes across 2249 assay rows (avg 1.0x repetition)
2026-03-18 10:30:41.281 | INFO     | __main__:clean_iedb_epitopes:208 -   After dedup: 2249 unique epitopes
2026-03-18 10:30:41.304 | INFO     | __main__:clean_iedb_epitopes:157 - Cleaning IEDB: epitope_table_negative_clean.csv
2026-03-18 10:30:41.422 | INFO     | __main__:clean_iedb_epitopes:160 -   Loaded 21650 rows (all organisms, one row per assay)
2026-03-18 10:30:41.424 | INFO     | __main__:find_peptide_column:125 -   Sequence column: 'epitope_name' (30/30 sample values look like peptides)
2026-03-18 10:30:41.443 | INFO     | __main__:clean_iedb_epitopes:182 -   TB filter ('epitope_source_organism'): 21650 -> 21650 rows
2026-03-18 10:30:41.506 | INFO     | __main__:clean_iedb_epitopes:200 -   Removed 15 invalid/out-of-range sequences
2026-03-18 10:30:41.512 | INFO     | __main__:clean_iedb_epitopes:205 -   21635 unique TB epitopes across 21635 assay rows (avg 1.0x repetition)
2026-03-18 10:30:41.517 | INFO     | __main__:clean_iedb_epitopes:208 -   After dedup: 21635 unique epitopes
2026-03-18 10:30:41.628 | INFO     | __main__:clean_vjdb:253 - Cleaning VDJdb: vjdb.tsv
2026-03-18 10:30:43.102 | INFO     | __main__:clean_vjdb:257 -   Loaded 209654 rows | columns: ['complex_id', 'gene', 'cdr3', 'v', 'j', 'species', 'mhc_a', 'mhc_b', 'mhc_class', 'epitope', 'epitope_gene', 'epitope_species', 'reference', 'method', 'meta', 'cdr3fix', 'score']
2026-03-18 10:30:43.359 | INFO     | __main__:clean_vjdb:263 -   Human filter: 209654 -> 192591
2026-03-18 10:30:43.529 | INFO     | __main__:clean_vjdb:269 -   TB filter: 192591 -> 900
2026-03-18 10:30:43.530 | INFO     | __main__:clean_vjdb:274 -   Score >= 1: 900 -> 62
2026-03-18 10:30:43.532 | INFO     | __main__:clean_vjdb:283 -   CDR3 validation: 62 -> 62
2026-03-18 10:30:43.534 | INFO     | __main__:clean_vjdb:288 -   Dedup (CDR3+epitope): removed 1
2026-03-18 10:30:43.548 | INFO     | __main__:clean_hla_fasta:315 - Cleaning HLA FASTA: hla_prot.fasta
2026-03-18 10:30:43.768 | INFO     | __main__:clean_hla_fasta:319 -   Sample[0]: 'HLA:HLA00001 A*01:01:01:01 365 bp'
2026-03-18 10:30:43.769 | INFO     | __main__:clean_hla_fasta:319 -   Sample[1]: 'HLA:HLA02169 A*01:01:01:02N 200 bp'
2026-03-18 10:30:43.769 | INFO     | __main__:clean_hla_fasta:319 -   Sample[2]: 'HLA:HLA14798 A*01:01:01:03 365 bp'
2026-03-18 10:30:44.795 | INFO     | __main__:clean_tb_proteome:372 - Cleaning TB proteome: tb1584.fasta
2026-03-18 10:30:45.016 | INFO     | __main__:clean_tb_proteome:376 -   Sample: 'tr|A0A679LBA0|A0A679LBA0_MYCBO PROBABLE DOLICHYL-PHOSPHATE SUGAR SYNTHASE (DOLICHOL-PHOSPHATE SUGAR '
